
<!DOCTYPE html PUBLIC "-//W3C//DTD XHTML 1.0 Strict//EN"
	"http://www.w3.org/TR/xhtml1/DTD/xhtml1-strict.dtd">
<html xmlns="http://www.w3.org/1999/xhtml" xml:lang="en" lang="en">
<head>
	<meta http-equiv="content-type" content="text/html; charset=utf-8" />
	<meta name="robots" content="index, follow" />
	<meta name="revisit-after" content="1 days" />
		<title>SAMATE Reference Dataset  :: Around the Samate Reference Dataset </title>

	<script type='text/javascript' src='js/design.js'></script>
	<script type='text/javascript' src='js/utils.js' ></script>

	<!--[if IE 6]>
	<script type='text/javascript' src='js/ie6.js'></script>
	<![endif]-->

	<script src="http://www.google-analytics.com/urchin.js" type="text/javascript">
	</script>
	<script type="text/javascript">
	_uacct = "UA-437942-2";
	urchinTracker();
	</script>

	<link href='css/style-samate.css' rel='stylesheet' type='text/css' />
					<link href='css/style-boxes.css' rel='stylesheet' type='text/css' />
		  <!--link rel="alternate" type="application/rss+xml" title="RSS 2.0 for the Samate Reference Dataset" href="http://samate.nist.gov/SRD/rss.php" /-->

</head>
	<body>	<div id='msg-container'>
							</div>	

	<!-- Main menu -->

	<div id='top'>
		<map id="logoMap" name="logoMap">
		<area href="http://samate.nist.gov" title="SAMATE Website" coords="2,2,85,100" alt="SAMATE Logo"/>
		<area href="http://nist.gov" title="National Institute of Standards and Technology" coords="95,15,225,65" alt="NIST Logo"/>
		</map>
		<img usemap="#logoMap" class='left' src='images/dhs/samate_left.png' alt='The SAMATE Project' />
		<a href='http://www.dhs.gov' title='Department of Homeland Security' ><img class='right' src='images/dhs/dhs_right_simple.png' alt='Department of Homeland Security' /></a>
	</div>
	<div id="menu">
	<ul>
		<li ><a href="index.php" title="Home">SRD Home</a></li>
		<li ><a href="view.php" title="View and download the test cases">View / Download</a></li>
		<li ><a href="search.php" title="Search in the test cases repository">Search / Download</a></li>
		<li class='active'><a href="around.php" title="More Downloads: General information, etc.">More Downloads</a></li>
				<li ><a href='testsuite.php?login=Guest' title='Test Suite Manager'>Test Suites</a></li>
	</ul>
	</div>

	<!-- /Menu -->	<div id="content">
		<h1>More downloads from the Samate Reference Dataset</h1>
		You will find here some information on the SRD.
		<br />
		<div id="boxes">

			<table>
				<tr>
				<td style='width:50%'>
				<div class="sidebox">
					<div class="boxhead"><h2>Download the Full Manifest</h2></div>
					<div class="boxbody">
						<table><tr><td><img src='images/icons/zip.gif' alt="ZIP File" />
						</td><td>Here is the <a href="view.php?action=zip-selected&amp;files=none" title="Manifest" rel="nofollow">full manifest</a>. It contains every test cases description with flaws etc.
						<br />You can also download the <a href='./DTD/testcases.dtd' title='DTD File'>The DTD</a> of the XML.
						</td></tr></table>
					</div>
				</div>
				</td>
				<td style='width:50%'>
				<div class="sidebox">
					<div class="boxhead"><h2>Weaknesses and Code complexities</h2></div>
					<div class="boxbody">
						<table><tr><td><img src='images/icons/xml.gif' alt="XML File" />
						</td>
						<td>
							You can download the weaknesses and code complexities information in XML files.<br />
							<ul>
								<li><a href='getXmlFile.php?what=flaw' title='Weakness' rel="nofollow">Weakness</a></li>
								<li><a href='getXmlFile.php?what=ccplx' title='Code complexities' rel="nofollow">Code complexities</a></li>
							</ul>
						</td></tr></table>
					</div>
				</div>
				</td>
				</tr>


				<tr>
				<td style='width:50%'>
				<div class="sidebox">
					<div class="boxhead"><h2>Manifest generation</h2></div>
					<div class="boxbody">
						<table><tr><td><img src='images/icons/xml.gif' alt="XML File" />
						</td><td>
						If you want to submit a test case with a directory structure, you need to create a XML file with the description of every files, weaknesses etc.<br />
						You can download:
						<ul>
							<li>A <a href='./DTD/xmlGenerator.py' title='Python script'>script</a> that generate the basic information (list all files and create the XML structure).</li>
							<li>An <a href='./DTD/manifest.xml' title='XML Example File'>example</a> of typical XML file.</li>
						</ul>
						</td></tr></table>
					</div>
				</div>
				</td>
				<!--</td>--> 				</tr>



			</table>

		</div>


	</div>
<div id="footer">
	<div class='line'>
	  <p>
        <script type="text/javascript">
	function obfuscate_email(mailto) {
		email_start = "" + "s" + "amate";
		if (mailto==1)
			email_start = "mailto:" + email_start;
		email_end = "." + "gov";
		email_middle = "ni" + "st";
		return email_start + String.fromCharCode(64) + email_middle + email_end;
	}
	
	    </script>
	    <span class='fieldName' style="margin-top:0;">
	<em>Contact:&nbsp; <a href="javascript:void(0)" class='external' title="Contact the Samate team" onclick="this.href=obfuscate_email(1);">
	<script type="text/javascript">document.write(obfuscate_email(0));</script>
	<!--<noscript> 	SAMATE Team
	</noscript> -->
	</a></em><br />
	This webpage is <a href="http://validator.w3.org/check/referer" title="XHTML Strict (non AJAX pages)" >XHTML Strict</a>
	 and <a href="http://www.w3.org/WAI/WCAG1AA-Conformance" title="W3C Web accessibility initiative - Accessible AA" >AA</a> compliant. <br />
	Created on January 2006, last update: June 1, 2013, Version: 4.3<br />
	        <!-- a href='rss.php' title='Samate Reference Dataset RSS Feed'><img src='images/icons/rss2.gif' alt='RSS Feed' /></a-->
    </span>
	    <span class='data'>
        <a href="http://www.itl.nist.gov/" title="ITL">Information Technology Laboratory</a>, <a href="http://www.itl.nist.gov/div897/" title="Division 897">Software and Systems Division</a>
        <br/>
        <a href="http://www.nist.gov/public_affairs/privacy.htm" title="PRIVACY/SECURITY ISSUES">PRIVACY/SECURITY ISSUES</a>
        &bull; <a href="http://www.nist.gov/admin/foia/foia.htm" title="FOIA">FOIA</a>
        &bull; <a href="http://www.nist.gov/public_affairs/disclaim.htm" title="Disclaimer">Disclaimer</a>
        &bull; <a href="http://www.usa.gov" title="USA.gov">USA.gov</a>
        <br />
        <a href="http://www.nist.gov" title="National Institute of Standards and Technology">NIST</a> is an agency of the <a href="http://www.doc.gov" title="Department of Commerce">U.S. Commerce Department</a>
      </span></p>
  </div>
</div>
</body>
</html>