
<!DOCTYPE html PUBLIC "-//W3C//DTD XHTML 1.0 Strict//EN"
	"http://www.w3.org/TR/xhtml1/DTD/xhtml1-strict.dtd">
<html xmlns="http://www.w3.org/1999/xhtml" xml:lang="en" lang="en">
<head>
	<meta http-equiv="content-type" content="text/html; charset=utf-8" />
	<meta name="robots" content="index, follow" />
	<meta name="revisit-after" content="1 days" />
		<title>SAMATE Reference Dataset </title>

	<script type='text/javascript' src='js/design.js'></script>
	<script type='text/javascript' src='js/utils.js' ></script>

	<!--[if IE 6]>
	<script type='text/javascript' src='js/ie6.js'></script>
	<![endif]-->

	<script src="http://www.google-analytics.com/urchin.js" type="text/javascript">
	</script>
	<script type="text/javascript">
	_uacct = "UA-437942-2";
	urchinTracker();
	</script>

	<link href='css/style-samate.css' rel='stylesheet' type='text/css' />
			<link href='css/style-testsuite.css' rel='stylesheet' type='text/css' />
				  <!--link rel="alternate" type="application/rss+xml" title="RSS 2.0 for the Samate Reference Dataset" href="http://samate.nist.gov/SRD/rss.php" /-->

</head>
	<body><noscript>
<div id='warning'>
You need to enable JavaScript to be able to use all the possibilities of this page.
</div>
</noscript>
	<div id='msg-container'>
							</div>	

	<!-- Main menu -->

	<div id='top'>
		<map id="logoMap" name="logoMap">
		<area href="http://samate.nist.gov" title="SAMATE Website" coords="2,2,85,100" alt="SAMATE Logo"/>
		<area href="http://nist.gov" title="National Institute of Standards and Technology" coords="95,15,225,65" alt="NIST Logo"/>
		</map>
		<img usemap="#logoMap" class='left' src='images/dhs/samate_left.png' alt='The SAMATE Project' />
		<a href='http://www.dhs.gov' title='Department of Homeland Security' ><img class='right' src='images/dhs/dhs_right_simple.png' alt='Department of Homeland Security' /></a>
	</div>
	<div id="menu">
	<ul>
		<li ><a href="index.php" title="Home">SRD Home</a></li>
		<li ><a href="view.php" title="View and download the test cases">View / Download</a></li>
		<li ><a href="search.php" title="Search in the test cases repository">Search / Download</a></li>
		<li ><a href="around.php" title="More Downloads: General information, etc.">More Downloads</a></li>
				<li class='active'><a href='testsuite.php?login=Guest' title='Test Suite Manager'>Test Suites</a></li>
	</ul>
	</div>

	<!-- /Menu -->
	<script type='text/javascript'>
		var checked = 0;
	</script>
	<script type='text/javascript' src='js/testsuite.js'></script>



	
	<form method="get" name="sendForm" action="testsuite.php">
		<div style="display: none">
			<input type="hidden" name="login" value="Guest" />
			<input type="hidden" name="selectedID" value="" />
			<input type="hidden" name="selectedTestCaseID" value="0" />
			<input type="hidden" name="actionShow"   value="0" />
			<input type="hidden" name="actionModify" value="0" />
			<input type="hidden" name="actionDelete" value="0" />
			<input type="hidden" name="actionDl"     value="0" />
			<input type="hidden" name="actionDeleteTestCase" value="0" />
			<input type="hidden" name="viewAllTestSuites" value="0" />
		</div>
	</form>

	<div id="content">
			<h1>Test Suites</h1>
											<div class='link'>
								</div>
			
			
			<h2>Stand-alone Suites</h2>

			<!--<p>--> 			<p></p>
			<table width="100%" cellpadding="0" cellspacing="0" border="0">
				<tr style='height: 40px; '>
	                		<td class='bg' style='height: 20px; text-align: center; font-weight: bold;'>Link</td>
	                		<td class='bg' style='height: 20px; text-align: center; font-weight: bold;'>Publication Date</td>
	                		<td class='bg' style='height: 20px; text-align: center; font-weight: bold;'>Title</td>
	                		<td class='bg' style='height: 20px; text-align: center; font-weight: bold;'>Version</td>
					<td class='bg' style='height: 20px; text-align: center; font-weight: bold;'>Description</td>
					<td class='bg' style='height: 20px; text-align: center; font-weight: bold;'>Contributor</td>
					<td class='bg' style='height: 20px; text-align: center; font-weight: bold;'>&#35; of Cases</td>
				</tr>
				<tr>
					<td><a href='testsuites/stonesoup/stonesoup-c-mc.zip'>Download</a></td>
					<td>Nov. 2012</td>
					<td><strong>Stonesoup Phase 1</strong> - Memory Corruption for C</td> 					<td><strong>1.0</strong></td>
					<td>This is a collection of test cases in the C language. It contains examples of memory corruption issues, including input triggering the vulnerability.<em> NIST assumes no responsibility whatsoever for its use by other parties, and makes no guaranties, expressed or implied, about its quality, reliability, or any other characteristic.</em></td>
					<td>IARPA</td>
					<td>212</td>
				</tr>
				<tr>
					<td><a href='testsuites/stonesoup/stonesoup-c-np.zip'>Download</a></td>
					<td>Nov. 2012</td>
					<td><strong>Stonesoup Phase 1</strong> - Null Pointer Dereference for C</td>
					<td><strong>1.0</strong></td>
					<td>This is a collection of test cases in the C language. It contains examples of null pointer mishandling, including input triggering the vulnerability.<em> NIST assumes no responsibility whatsoever for its use by other parties, and makes no guaranties, expressed or implied, about its quality, reliability, or any other characteristic.</em></td>
					<td>IARPA</td>
					<td>115</td>
				</tr>
				<tr>
					<td><a href='testsuites/stonesoup/stonesoup-java-inj.zip'>Download</a></td>
					<td>Nov. 2012</td>
					<td><strong>Stonesoup Phase 1</strong> - Injection for Java</td>
					<td><strong>1.0</strong></td>
					<td>This is a collection of test cases in the Java language. It contains examples of various injection issues, including input triggering the vulnerability.<em> NIST assumes no responsibility whatsoever for its use by other parties, and makes no guaranties, expressed or implied, about its quality, reliability, or any other characteristic.</em></td>
					<td>IARPA</td>
					<td>36</td>
				</tr>
				<tr>
					<td><a href='testsuites/stonesoup/stonesoup-java-nh.zip'>Download</a></td>
					<td>Nov. 2012</td>
					<td><strong>Stonesoup Phase 1</strong> - Numeric Handling for Java</td>
					<td><strong>1.0</strong></td>
					<td>This is a collection of test cases in the Java language. It contains examples of numeric mishandling, including input triggering the vulnerability.<em> NIST assumes no responsibility whatsoever for its use by other parties, and makes no guaranties, expressed or implied, about its quality, reliability, or any other characteristic.</em></td>
					<td>IARPA</td>
					<td>59</td>
				</tr>
				<tr>
					<td><a href='testsuites/stonesoup/stonesoup-java-td.zip'>Download</a></td>
					<td>Nov. 2012</td>
					<td><strong>Stonesoup Phase 1</strong> - Tainted Data for Java</td>
					<td><strong>1.0</strong></td>
					<td>This is a collection of test cases in the Java language. It contains examples of tainted data mishandling, including input triggering the vulnerability.<em> NIST assumes no responsibility whatsoever for its use by other parties, and makes no guaranties, expressed or implied, about its quality, reliability, or any other characteristic.</em></td>
					<td>IARPA</td>
					<td>35</td>
				</tr>
			</table>
			<!--</p>-->

			<h2>SRD Suites</h2>

			<div class='line'>
				<span class='fieldName' style='text-align: left; width:50%;'>
										<strong>Results:</strong> 20 Test Suites.
									</span>
			</div>
				<br />
				<br />

			<form action="testsuite.php" method="post">
			<table width="100%" cellpadding="0" cellspacing="0" border="0">
			<tr style='height: 40px; '>
									                <td class='bg' style='height: 20px; text-align: center; font-weight: bold;'>Test Suite ID</td>
	    			                <td class='bg' style='height: 20px; text-align: center; font-weight: bold;'>Creation Date</td>
	    			                <td class='bg' style='height: 20px; text-align: center; font-weight: bold;'>Title</td>
	    			                <td class='bg' style='height: 20px; text-align: center; font-weight: bold;'>Description</td>
	    			                <td class='bg' style='height: 20px; text-align: center; font-weight: bold;'>Contributor</td>
	    			                <td class='bg' style='height: 20px; text-align: center; font-weight: bold;'>&#35; of Cases</td>
	    					</tr>
						<tr class='view' style='background-color:#f7f7f7; text-align: center;'>
				
					<td style="text-align: right; padding-right: 15px;" ><a href="view.php?tsID=6">6</a></td><td style='height: 20px; text-align: center;'>2006-06-23</td><td>ABM 1.0.1</td><td  style="width:40%" > Fortify Software's Analyzer BenchMark v. 1.0.1</td><td style='height: 20px; text-align: center;'>Jeff Meister</td><td>112</td>
			</tr>
						<tr class='view' style='background-color:#f7f7f7; text-align: center;'>
				
					<td style="text-align: right; padding-right: 15px;" ><a href="view.php?tsID=9">9</a></td><td style='height: 20px; text-align: center;'>2006-07-11</td><td>Test suite (2006/07/11 18:32:50)</td><td  style="width:40%" > <em>None</em></td><td style='height: 20px; text-align: center;'>Redge Bartholomew</td><td>5</td>
			</tr>
						<tr class='view' style='background-color:#f7f7f7; text-align: center;'>
				
					<td style="text-align: right; padding-right: 15px;" ><a href="view.php?tsID=17">17</a></td><td style='height: 20px; text-align: center;'>2006-08-09</td><td>CANDIDATE Source Code Analysis Tool Functional Specification Test Suite</td><td  style="width:40%" > This test suite contains all test cases that can be used to test a general purpose, production source code analysis tool implementation against the SAMATE Source Code Analysis Tool Functional Specification.</td><td style='height: 20px; text-align: center;'>SAMATE Team Staff</td><td>34</td>
			</tr>
						<tr class='view' style='background-color:#f7f7f7; text-align: center;'>
				
					<td style="text-align: right; padding-right: 15px;" ><a href="view.php?tsID=27">27</a></td><td style='height: 20px; text-align: center;'>2006-10-18</td><td>MS</td><td  style="width:40%" > <em>None</em></td><td style='height: 20px; text-align: center;'>Eric D.</td><td>25</td>
			</tr>
						<tr class='view' style='background-color:#f7f7f7; text-align: center;'>
				
					<td style="text-align: right; padding-right: 15px;" ><a href="view.php?tsID=31">31</a></td><td style='height: 20px; text-align: center;'>2006-10-24</td><td>Web Applications in PHP</td><td  style="width:40%" > The PHP Test cases</td><td style='height: 20px; text-align: center;'>Romain Gaucher</td><td>15</td>
			</tr>
						<tr class='view' style='background-color:#f7f7f7; text-align: center;'>
				
					<td style="text-align: right; padding-right: 15px;" ><a href="view.php?tsID=45">45</a></td><td style='height: 20px; text-align: center;'>2007-01-24</td><td>C Test Suite for Source Code Analyzer - weakness</td><td  style="width:40%" > This test suite tests against Source Code Security Analyzer based on functional requirements SCA-RM-1 through SCAN-RM-5 specified in &quot;Source Code Security Analysis Tool Functional Specification&quot;</td><td style='height: 20px; text-align: center;'>Michael Koo</td><td>77</td>
			</tr>
						<tr class='view' style='background-color:#f7f7f7; text-align: center;'>
				
					<td style="text-align: right; padding-right: 15px;" ><a href="view.php?tsID=46">46</a></td><td style='height: 20px; text-align: center;'>2007-02-05</td><td>C Test Suite for Source Code Analyzer - false positive</td><td  style="width:40%" > This test suite tests against Source Code Security Analyzer based on functional requirements SCA-RM-6 specified in &quot;Source Code Security Analysis Tool Functional Specification&quot;</td><td style='height: 20px; text-align: center;'>Michael Koo</td><td>73</td>
			</tr>
						<tr class='view' style='background-color:#f7f7f7; text-align: center;'>
				
					<td style="text-align: right; padding-right: 15px;" ><a href="view.php?tsID=47">47</a></td><td style='height: 20px; text-align: center;'>2007-02-05</td><td>C Test Suite for Source Code Analyzer - weakness suppresion</td><td  style="width:40%" > This test suite tests against Source Code Security Analyzer based on functional requirements SCA-RO-2 specified in &quot;Source Code Security Analysis Tool Functional Specification&quot;</td><td style='height: 20px; text-align: center;'>Michael Koo</td><td>21</td>
			</tr>
						<tr class='view' style='background-color:#f7f7f7; text-align: center;'>
				
					<td style="text-align: right; padding-right: 15px;" ><a href="view.php?tsID=57">57</a></td><td style='height: 20px; text-align: center;'>2007-12-06</td><td>C++ Test Suite for Source Code Analyzer - weakness</td><td  style="width:40%" > This test suite tests against Source Code Security Analyzer based on functional requirements SCA-RM-1 through SCAN-RM-5 specified in &quot;Source Code Security Analysis Tool Functional Specification&quot;</td><td style='height: 20px; text-align: center;'>Michael Koo</td><td>41</td>
			</tr>
						<tr class='view' style='background-color:#f7f7f7; text-align: center;'>
				
					<td style="text-align: right; padding-right: 15px;" ><a href="view.php?tsID=58">58</a></td><td style='height: 20px; text-align: center;'>2007-12-06</td><td>C++ Test Suite for Source Code Analyzer - false positive</td><td  style="width:40%" > This test suite tests against Source Code Security Analyzer based on functional requirements SCA-RM-6 specified in &quot;Source Code Security Analysis Tool Functional Specification&quot;</td><td style='height: 20px; text-align: center;'>Michael Koo</td><td>39</td>
			</tr>
						<tr class='view' style='background-color:#f7f7f7; text-align: center;'>
				
					<td style="text-align: right; padding-right: 15px;" ><a href="view.php?tsID=59">59</a></td><td style='height: 20px; text-align: center;'>2007-12-06</td><td>C++ Test Suite for Source Code Analyzer - weakness suppresion</td><td  style="width:40%" > This test suite tests against Source Code Security Analyzer based on functional requirements SCA-RO-2 specified in "Source Code Security Analysis Tool Functional Specification"</td><td style='height: 20px; text-align: center;'>Michael Koo</td><td>14</td>
			</tr>
						<tr class='view' style='background-color:#f7f7f7; text-align: center;'>
				
					<td style="text-align: right; padding-right: 15px;" ><a href="view.php?tsID=62">62</a></td><td style='height: 20px; text-align: center;'>2008-10-02</td><td>Defence R&amp;D Canada</td><td  style="width:40%" > 25 C++ test cases (plus a main including all of them) created in 2006 by Frederic Michaud and Frederic Painchaud, Defence Research &amp; Development Canada, http://www.drdc-rddc.gc.ca/</td><td style='height: 20px; text-align: center;'>SAMATE Team Staff</td><td>26</td>
			</tr>
						<tr class='view' style='background-color:#f7f7f7; text-align: center;'>
				
					<td style="text-align: right; padding-right: 15px;" ><a href="view.php?tsID=63">63</a></td><td style='height: 20px; text-align: center;'>2010-02-04</td><td>Java Test Suite for Source Code Analyzer - weakness</td><td  style="width:40%" > This test suite tests against Source Code Security Analyzer based on functional requirements SCA-RM-1 through SCAN-RM-5 specified in &quot;Source Code Security Analysis Tool Functional Specification&quot;</td><td style='height: 20px; text-align: center;'>Michael Koo</td><td>27</td>
			</tr>
						<tr class='view' style='background-color:#f7f7f7; text-align: center;'>
				
					<td style="text-align: right; padding-right: 15px;" ><a href="view.php?tsID=64">64</a></td><td style='height: 20px; text-align: center;'>2010-02-04</td><td>Java Test Suite for Source Code Analyzer - false positive</td><td  style="width:40%" > This test suite tests against Source Code Security Analyzer based on functional requirements SCA-RM-6 specified in "Source Code Security Analysis Tool Functional Specification"</td><td style='height: 20px; text-align: center;'>Michael Koo</td><td>27</td>
			</tr>
						<tr class='view' style='background-color:#f7f7f7; text-align: center;'>
				
					<td style="text-align: right; padding-right: 15px;" ><a href="view.php?tsID=65">65</a></td><td style='height: 20px; text-align: center;'>2010-02-04</td><td>Java Test Suite for Source Code Analyzer - weakness suppresion</td><td  style="width:40%" > This test suite tests against Source Code Security Analyzer based on functional requirements SCA-RO-2 specified in &quot;Source Code Security Analysis Tool Functional Specification&quot;</td><td style='height: 20px; text-align: center;'>Michael Koo</td><td>10</td>
			</tr>
						<tr class='view' style='background-color:#f7f7f7; text-align: center;'>
				
					<td style="text-align: right; padding-right: 15px;" ><a href="view.php?tsID=68">68</a></td><td style='height: 20px; text-align: center;'>2011-04-08</td><td>Juliet Test Suite for C/C++ (v1.0 - Deprecated)</td><td  style="width:40%" > This is a collection of test cases in the C/C++ language. It contains examples for 116 different CWEs. NOTE: This package contains only individual test cases. We recommend to download the full test suite at the top of the "Test Suite" page.</td><td style='height: 20px; text-align: center;'>SAMATE Team Staff</td><td>45309</td>
			</tr>
						<tr class='view' style='background-color:#f7f7f7; text-align: center;'>
				
					<td style="text-align: right; padding-right: 15px;" ><a href="view.php?tsID=69">69</a></td><td style='height: 20px; text-align: center;'>2011-04-08</td><td>Juliet Test Suite for Java (v1.0 - Deprecated)</td><td  style="width:40%" > This is a collection of test cases in the Java language. It contains examples for 106 different CWEs. NOTE: This package contains only individual test cases. We recommend to download the full test suite at the top of the "Test Suite" page.</td><td style='height: 20px; text-align: center;'>SAMATE Team Staff</td><td>14184</td>
			</tr>
						<tr class='view' style='background-color:#f7f7f7; text-align: center;'>
				
					<td style="text-align: right; padding-right: 15px;" ><a href="view.php?tsID=81">81</a></td><td style='height: 20px; text-align: center;'>2013-02-08</td><td>Basic CWE Effectiveness, CWE-121: Stack-based Buffer Overflow, for C.</td><td  style="width:40%" > These allow a prospective user to understand that a capability is effective in locating CWE-121: Stack-based Buffer Overflow in the most basic situations in C code.</td><td style='height: 20px; text-align: center;'>Michael Koo</td><td>5</td>
			</tr>
						<tr class='view' style='background-color:#f7f7f7; text-align: center;'>
				
					<td style="text-align: right; padding-right: 15px;" ><a href="view.php?tsID=86">86</a></td><td style='height: 20px; text-align: center;'>2013-05-15</td><td>Juliet Test Suite for C/C++ (v1.2)</td><td  style="width:40%" > This is a collection of test cases in the C/C++ language. 
It contains examples for 118 different CWEs. 
NOTE: This package contains only individual test cases. 
We recommend to download the full test suite at the top of the "Test Suite" page.</td><td style='height: 20px; text-align: center;'>SAMATE Team Staff</td><td>61387</td>
			</tr>
						<tr class='view' style='background-color:#f7f7f7; text-align: center;'>
				
					<td style="text-align: right; padding-right: 15px;" ><a href="view.php?tsID=87">87</a></td><td style='height: 20px; text-align: center;'>2013-05-15</td><td>Juliet Test Suite for Java (v1.2)</td><td  style="width:40%" > This is a collection of test cases in the Java language.  
  It contains examples for 112 different CWEs.
NOTE: This package contains only individual test cases. 
We recommend to download the full test suite at the top of the "Test Suite" page.</td><td style='height: 20px; text-align: center;'>SAMATE Team Staff</td><td>25477</td>
			</tr>
						</table>
			</form>

						<br />
			<form name='modifyForm' action='testsuite.php' method='get'>
				<div id='modify' style='display: none;'>
					<input type='hidden' size='20' maxlength='45' name='action' value='modify'/>
					<div class='line' style='display:none;' >
						<label><span class='fieldName'>Test Suite ID : </span>
						<span class='data'><input  type='text' size='20' maxlength='45' name='m_selectedID' value=''/></span></label>
					</div>
					<div class='line'>
						<label><span class='fieldName'>Title : </span>
						<span class='data'><input type='text' size='20' maxlength='128' name='title' onclick="this.value='';" value='title...'/></span></label>
					</div>
					<div class='line'>
						<label><span class='fieldName'>Description :<br />(No HTML at all)</span>
						<span class='data'><textarea name="description" rows="2" cols="4" ></textarea></span></label>
					</div>
					<div class='line'><span class='fieldName'><input type='submit' name='submit' value='Modify the Test Suite'/></span></div>
				</div>
			</form>
			<br />
			

			<h2>Archives</h2>

			<p></p> 			<!--<p>-->
			<table width="100%" cellpadding="0" cellspacing="0" border="0">
				<tr style='height: 40px; '>
	                		<td class='bg' style='height: 20px; text-align: center; font-weight: bold;'>Link</td>
	                		<td class='bg' style='height: 20px; text-align: center; font-weight: bold;'>Publication Date</td>
	                		<td class='bg' style='height: 20px; text-align: center; font-weight: bold;'>Title</td>
	                		<td class='bg' style='height: 20px; text-align: center; font-weight: bold;'>Version</td>
					<td class='bg' style='height: 20px; text-align: center; font-weight: bold;'>Description</td>
					<td class='bg' style='height: 20px; text-align: center; font-weight: bold;'>Contributor</td>
					<td class='bg' style='height: 20px; text-align: center; font-weight: bold;'>&#35; of Cases</td>
				</tr>
				<!-- Per Paul's recommendation, remove Java Test Suite v.1.1 09/27/2012 Mike Koo -->
                <!-- <tr>
					<td><a href='testsuites/juliet/Juliet_Test_Suite_v1.1_for_Java.zip'>Download</a></td>
					<td>Jul. 2012</td>
					<td>Juliet Test Suite for Java</td>
					<td><strong>1.1</strong></td>
					<td>This is a collection of test cases in the Java language. It contains examples for 113 different CWEs. <em>This software is not subject to copyright protection and is in the public domain. NIST assumes no responsibility whatsoever for its use by other parties, and makes no guaranties, expressed or implied, about its quality, reliability, or any other characteristic.</em></td>
					<td>23,957</td>
				</tr> -->
				<!-- Added Juliet 1.2 Charles -->
				<tr>
					<td><a href='testsuites/juliet/Juliet_Test_Suite_v1.2_for_C_Cpp.zip'>Download</a></td>
					<td>May. 2013</td>
					<td><strong>Juliet Test Suite</strong> for C/C++</td>
					<td><strong>1.2</strong></td>
					<td>This is a collection of test cases in the C/C++ language. It contains examples for 118 different CWEs. <em>This software is not subject to copyright protection and is in the public domain. NIST assumes no responsibility whatsoever for its use by other parties, and makes no guaranties, expressed or implied, about its quality, reliability, or any other characteristic.</em></td>
					<td>NSA Center for Assured Software</td>
					<td>61,387</td>
				</tr>
				<tr>
					<td><a href='testsuites/juliet/Juliet_Test_Suite_v1.2_for_Java.zip'>Download</a></td>
					<td>May. 2013</td>
					<td><strong>Juliet Test Suite</strong> for Java</td>
					<td><strong>1.2</strong></td> 					<td>This is a collection of test cases in the Java language. It contains examples for 112 different CWEs. <em>This software is not subject to copyright protection and is in the public domain. NIST assumes no responsibility whatsoever for its use by other parties, and makes no guaranties, expressed or implied, about its quality, reliability, or any other characteristic.</em></td>
					<td>NSA Center for Assured Software</td>
					<td>25,477</td>
				</tr>
				<!-- Added Java Test Suite v1.1.1 09/21/2012 Mike Koo -->
				<tr>
					<td><a href='testsuites/juliet/Juliet_Test_Suite_v1.1.1_for_Java.zip'>Download</a></td>
					<td>Sep. 2012</td>
					<td><strong>Juliet Test Suite</strong> for Java</td>
					<td><strong>1.1.1</strong></td> 					<td>This is a collection of test cases in the Java language. It contains examples for 113 different CWEs. <em>This software is not subject to copyright protection and is in the public domain. NIST assumes no responsibility whatsoever for its use by other parties, and makes no guaranties, expressed or implied, about its quality, reliability, or any other characteristic.</em><p>v1.1.1 supersedes v1.1. It added methods needed for building test cases after adding/removing test cases. Does not affect using test cases as is.</p></td>
					<td>NSA Center for Assured Software</td>
					<td>23,957</td>
				</tr>
				<tr>
					<td><a href='testsuites/juliet/Juliet_Test_Suite_v1.1_for_C_Cpp.zip'>Download</a></td>
					<td>Jul. 2012</td>
					<td><strong>Juliet Test Suite</strong> for C/C++</td>
					<td><strong>1.1</strong></td>
					<td>This is a collection of test cases in the C/C++ language. It contains examples for 119 different CWEs. <em>This software is not subject to copyright protection and is in the public domain. NIST assumes no responsibility whatsoever for its use by other parties, and makes no guaranties, expressed or implied, about its quality, reliability, or any other characteristic.</em></td>
					<td>NSA Center for Assured Software</td>
					<td>57,099</td>
				</tr>
				<tr>
					<td><a href='testsuites/juliet/Juliet-2010-12.c.cpp.zip'>Download</a></td>
					<td>Dec. 2010</td>
					<td><strong>Juliet Test Suite</strong> for C/C++</td>
					<td><strong>1.0</strong></td>
					<td>This is a collection of test cases in the C/C++ language. It contains examples for 116 different CWEs. <em>This software is not subject to copyright protection and is in the public domain. NIST assumes no responsibility whatsoever for its use by other parties, and makes no guaranties, expressed or implied, about its quality, reliability, or any other characteristic.</em></td>
					<td>NSA Center for Assured Software</td>
					<td>45,324</td>
				</tr>
				<tr>
					<td><a href='testsuites/juliet/Juliet-2010-12.java.zip'>Download</a></td>
					<td>Dec. 2010</td>
					<td><strong>Juliet Test Suite</strong> for Java</td>
					<td><strong>1.0</strong></td>
					<td>This is a collection of test cases in the Java language. It contains examples for 106 different CWEs. <em>This software is not subject to copyright protection and is in the public domain. NIST assumes no responsibility whatsoever for its use by other parties, and makes no guaranties, expressed or implied, about its quality, reliability, or any other characteristic.</em></td>
					<td>NSA Center for Assured Software</td>
					<td>13,801</td>
				</tr>
			</table>
			<!--</p>-->


	</div>
<div id="footer">
	<div class='line'>
	  <p>
        <script type="text/javascript">
	function obfuscate_email(mailto) {
		email_start = "" + "s" + "amate";
		if (mailto==1)
			email_start = "mailto:" + email_start;
		email_end = "." + "gov";
		email_middle = "ni" + "st";
		return email_start + String.fromCharCode(64) + email_middle + email_end;
	}
	
	    </script>
	    <span class='fieldName' style="margin-top:0;">
	<em>Contact:&nbsp; <a href="javascript:void(0)" class='external' title="Contact the Samate team" onclick="this.href=obfuscate_email(1);">
	<script type="text/javascript">document.write(obfuscate_email(0));</script>
	<!--<noscript> 	SAMATE Team
	</noscript> -->
	</a></em><br />
	This webpage is <a href="http://validator.w3.org/check/referer" title="XHTML Strict (non AJAX pages)" >XHTML Strict</a>
	 and <a href="http://www.w3.org/WAI/WCAG1AA-Conformance" title="W3C Web accessibility initiative - Accessible AA" >AA</a> compliant. <br />
	Created on January 2006, last update: June 1, 2013, Version: 4.3<br />
	    <!-- a href='rss.php' title='Samate Reference Dataset RSS Feed'><img src='images/icons/rss2.gif' alt='RSS Feed' /></a-->
    </span>
	    <span class='data'>
        <a href="http://www.itl.nist.gov/" title="ITL">Information Technology Laboratory</a>, <a href="http://www.itl.nist.gov/div897/" title="Division 897">Software and Systems Division</a>
        <br/>
        <a href="http://www.nist.gov/public_affairs/privacy.htm" title="PRIVACY/SECURITY ISSUES">PRIVACY/SECURITY ISSUES</a>
        &bull; <a href="http://www.nist.gov/director/foia/" title="FOIA">FOIA</a>
        &bull; <a href="http://www.nist.gov/public_affairs/disclaim.htm" title="Disclaimer">Disclaimer</a>
        &bull; <a href="http://www.usa.gov" title="USA.gov">USA.gov</a>
        <br />
        <a href="http://www.nist.gov" title="National Institute of Standards and Technology">NIST</a> is an agency of the <a href="http://www.doc.gov" title="Department of Commerce">U.S. Commerce Department</a>
      </span></p>
  </div>
</div>
</body>
</html>